// Vitest Snapshot v1, https://vitest.dev/guide/snapshot.html

exports[`Login 1`] = `
<div>
  <div>
    로그인 페이지 Index
  </div>
</div>
`;

exports[`로그인 컴포넌트의 스냅샷이 일치해야 함 1`] = `
<div>
  <div>
    로그인 페이지 Index
  </div>
</div>
`;
